#
# There is insufficient memory for the Java Runtime Environment to continue.
# Native memory allocation (mmap) failed to map 65536 bytes. Error detail: Failed to commit metaspace.
# Possible reasons:
#   The system is out of physical RAM or swap space
#   This process is running with CompressedOops enabled, and the Java Heap may be blocking the growth of the native heap
# Possible solutions:
#   Reduce memory load on the system
#   Increase physical memory or swap space
#   Check if swap backing store is full
#   Decrease Java heap size (-Xmx/-Xms)
#   Decrease number of Java threads
#   Decrease Java thread stack sizes (-Xss)
#   Set larger code cache with -XX:ReservedCodeCacheSize=
#   JVM is running with Unscaled Compressed Oops mode in which the Java heap is
#     placed in the first 4GB address space. The Java Heap base address is the
#     maximum limit for the native heap growth. Please use -XX:HeapBaseMinAddress
#     to set the Java Heap base and to place the Java Heap above 4GB virtual address.
# This output file may be truncated or incomplete.
#
#  Out of Memory Error (virtualSpaceNode.cpp:113), pid=4884, tid=11108
#
# JRE version: OpenJDK Runtime Environment Temurin-21.0.10+7 (21.0.10+7) (build 21.0.10+7-LTS)
# Java VM: OpenJDK 64-Bit Server VM Temurin-21.0.10+7 (21.0.10+7-LTS, mixed mode, sharing, tiered, compressed oops, compressed class ptrs, parallel gc, windows-amd64)
# No core dump will be written. Minidumps are not enabled by default on client versions of Windows
#

---------------  S U M M A R Y ------------

Command Line: --add-modules=ALL-SYSTEM --add-opens=java.base/java.util=ALL-UNNAMED --add-opens=java.base/java.lang=ALL-UNNAMED --add-opens=java.base/sun.nio.fs=ALL-UNNAMED -Declipse.application=org.eclipse.jdt.ls.core.id1 -Dosgi.bundles.defaultStartLevel=4 -Declipse.product=org.eclipse.jdt.ls.core.product -Djava.import.generatesMetadataFilesAtProjectRoot=false -DDetectVMInstallationsJob.disabled=true -Dfile.encoding=utf8 -XX:+UseParallelGC -XX:GCTimeRatio=4 -XX:AdaptiveSizePolicyWeight=90 -Dsun.zip.disableMemoryMapping=true -Xmx2G -Xms100m -Xlog:disable -javaagent:c:\Users\andre\.vscode\extensions\redhat.java-1.54.0-win32-x64\lombok\lombok-1.18.39-4050.jar c:\Users\andre\.vscode\extensions\redhat.java-1.54.0-win32-x64\server\plugins\org.eclipse.equinox.launcher_1.7.100.v20251111-0406.jar -configuration c:\Users\andre\AppData\Roaming\Code\User\globalStorage\redhat.java\1.54.0\config_ss_win -data c:\Users\andre\AppData\Roaming\Code\User\workspaceStorage\4c53d6c1d38b1c63fe5da6ce7cfe8a73\redhat.java\ss_ws --pipe=\\.\pipe\lsp-97859f26e8050d33d0667cafbbe22889-sock

Host: Intel(R) Core(TM) i5-1035G1 CPU @ 1.00GHz, 8 cores, 7G,  Windows 11 , 64 bit Build 26100 (10.0.26100.8246)
Time: Wed May  6 04:03:33 2026 Hora estándar central (México) elapsed time: 51.646506 seconds (0d 0h 0m 51s)

---------------  T H R E A D  ---------------

Current thread (0x0000013ed9ac2d70):  JavaThread "Worker-1: Initialize After Load"        [_thread_in_vm, id=11108, stack(0x00000009a9d00000,0x00000009a9e00000) (1024K)]

Stack: [0x00000009a9d00000,0x00000009a9e00000]
Native frames: (J=compiled Java code, j=interpreted, Vv=VM code, C=native code)
V  [jvm.dll+0x6d7a39]
V  [jvm.dll+0x8b4b26]
V  [jvm.dll+0x8b70de]
V  [jvm.dll+0x8b77c3]
V  [jvm.dll+0x284346]
V  [jvm.dll+0x8b086e]
V  [jvm.dll+0x679444]
V  [jvm.dll+0x1e82bb]
V  [jvm.dll+0x1e807e]
V  [jvm.dll+0x67bd42]
V  [jvm.dll+0x67bb72]
V  [jvm.dll+0x679e1e]
V  [jvm.dll+0x281217]
V  [jvm.dll+0x72dd4f]
V  [jvm.dll+0x72e88f]
V  [jvm.dll+0x3cc641]
V  [jvm.dll+0x3cb417]
V  [jvm.dll+0x3cb3b8]
V  [jvm.dll+0x3dce7a]
C  0x0000013e8754925f

The last pc belongs to new (printed below).
Java frames: (J=compiled Java code, j=interpreted, Vv=VM code)
j  org.eclipse.jdt.internal.core.JavaModelManager.initializeAllContainers(Lorg/eclipse/jdt/core/IJavaProject;Lorg/eclipse/core/runtime/IPath;)Lorg/eclipse/jdt/core/IClasspathContainer;+255
j  org.eclipse.jdt.internal.core.JavaModelManager.getClasspathContainer(Lorg/eclipse/core/runtime/IPath;Lorg/eclipse/jdt/core/IJavaProject;)Lorg/eclipse/jdt/core/IClasspathContainer;+21
j  org.eclipse.jdt.core.JavaCore.initializeAfterLoad(Lorg/eclipse/core/runtime/IProgressMonitor;)V+63
j  org.eclipse.jdt.ls.core.internal.JavaLanguageServerPlugin$1.run(Lorg/eclipse/core/runtime/IProgressMonitor;)Lorg/eclipse/core/runtime/IStatus;+31
j  org.eclipse.core.internal.jobs.Worker.run()V+32
v  ~StubRoutines::call_stub 0x0000013e875310e7
new  187 new  [0x0000013e875490e0, 0x0000013e875492e8]  520 bytes
[MachCode]
  0x0000013e875490e0: 4883 ec08 | c5fa 1104 | 24eb 1f48 | 83ec 10c5 | fb11 0424 | eb14 4883 | ec10 4889 | 0424 48c7 
  0x0000013e87549100: 4424 0800 | 0000 00eb | 0150 410f | b755 010f | cac1 ea10 | 488b 4de8 | 488b 4908 | 488b 4908 
  0x0000013e87549120: 488b 4108 | 807c 1004 | 070f 85d3 | 0000 0066 | 8b54 d148 | 488b 4928 | 488b 4cd1 | 0851 80b9 
  0x0000013e87549140: 3101 0000 | 040f 85b6 | 0000 008b | 5108 f6c2 | 010f 85aa | 0000 0049 | 8b87 b801 | 0000 488d 
  0x0000013e87549160: 1c10 493b | 9fc8 0100 | 000f 8792 | 0000 0049 | 899f b801 | 0000 4883 | ea10 0f84 | 0f00 0000 
  0x0000013e87549180: 33c9 c1ea | 0348 894c | d008 48ff | ca75 f648 | c700 0100 | 0000 5933 | f689 700c | 49ba 0000 
  0x0000013e875491a0: 0093 3e01 | 0000 492b | ca89 4808 | 49ba c75c | 973c fc7f | 0000 4180 | 3a00 0f84 | 3c00 0000 
  0x0000013e875491c0: 5048 8bc8 | 4883 ec20 | 40f6 c40f | 0f84 1900 | 0000 4883 | ec08 48b8 | 90e1 403c | fc7f 0000 
  0x0000013e875491e0: ffd0 4883 | c408 e90c | 0000 0048 | b890 e140 | 3cfc 7f00 | 00ff d048 | 83c4 2058 | e9cb 0000 
  0x0000013e87549200: 0059 488b | 55e8 488b | 5208 488b | 5208 450f | b745 0141 | 0fc8 41c1 | e810 e805 | 0000 00e9 
  0x0000013e87549220: a800 0000 | 488d 4424 | 084c 896d | c049 8bcf | c5f8 7749 | 89af b003 | 0000 4989 | 87a0 0300 
  0x0000013e87549240: 0048 83ec | 2040 f6c4 | 0f0f 8419 | 0000 0048 | 83ec 0848 | b8f0 cd0a | 3cfc 7f00 | 00ff d048 
  0x0000013e87549260: 83c4 08e9 | 0c00 0000 | 48b8 f0cd | 0a3c fc7f | 0000 ffd0 | 4883 c420 | 49c7 87a0 | 0300 0000 
  0x0000013e87549280: 0000 0049 | c787 b003 | 0000 0000 | 0000 49c7 | 87a8 0300 | 0000 0000 | 00c5 f877 | 4983 7f08 
  0x0000013e875492a0: 000f 8405 | 0000 00e9 | 547c feff | 498b 87f8 | 0300 0049 | c787 f803 | 0000 0000 | 0000 4c8b 
  0x0000013e875492c0: 6dc0 4c8b | 75c8 4e8d | 74f5 00c3 | 410f b65d | 0349 83c5 | 0349 ba10 | 259a 3cfc | 7f00 0041 
  0x0000013e875492e0: ff24 da0f | 1f44 0000 
[/MachCode]

---------------  P R O C E S S  ---------------

Threads class SMR info:
_java_thread_list=0x0000013edb2c5b80, length=19, elements={
0x0000013efb95bdf0, 0x0000013efba1b110, 0x0000013efba1de00, 0x0000013efb8d5f00,
0x0000013efb8d8bf0, 0x0000013efb8def30, 0x0000013efb8e5080, 0x0000013efb90e5c0,
0x0000013ed4bd9490, 0x0000013ed4dac300, 0x0000013ed4f06c60, 0x0000013ed976a730,
0x0000013ed4f3e460, 0x0000013ed4f3ead0, 0x0000013ed4c72420, 0x0000013ed9672ee0,
0x0000013ed9583b50, 0x0000013ed949e5b0, 0x0000013ed9ac2d70
}

Java Threads: ( => current thread )
  0x0000013efb95bdf0 JavaThread "main"                              [_thread_in_vm, id=2740, stack(0x00000009a8200000,0x00000009a8300000) (1024K)]
  0x0000013efba1b110 JavaThread "Reference Handler"          daemon [_thread_blocked, id=23364, stack(0x00000009a8600000,0x00000009a8700000) (1024K)]
  0x0000013efba1de00 JavaThread "Finalizer"                  daemon [_thread_blocked, id=100, stack(0x00000009a8700000,0x00000009a8800000) (1024K)]
  0x0000013efb8d5f00 JavaThread "Signal Dispatcher"          daemon [_thread_blocked, id=2200, stack(0x00000009a8800000,0x00000009a8900000) (1024K)]
  0x0000013efb8d8bf0 JavaThread "Attach Listener"            daemon [_thread_blocked, id=2700, stack(0x00000009a8900000,0x00000009a8a00000) (1024K)]
  0x0000013efb8def30 JavaThread "Service Thread"             daemon [_thread_blocked, id=20884, stack(0x00000009a8a00000,0x00000009a8b00000) (1024K)]
  0x0000013efb8e5080 JavaThread "Monitor Deflation Thread"   daemon [_thread_blocked, id=2784, stack(0x00000009a8b00000,0x00000009a8c00000) (1024K)]
  0x0000013efb90e5c0 JavaThread "C2 CompilerThread0"         daemon [_thread_blocked, id=7804, stack(0x00000009a8c00000,0x00000009a8d00000) (1024K)]
  0x0000013ed4bd9490 JavaThread "C1 CompilerThread0"         daemon [_thread_blocked, id=22976, stack(0x00000009a8d00000,0x00000009a8e00000) (1024K)]
  0x0000013ed4dac300 JavaThread "Common-Cleaner"             daemon [_thread_blocked, id=19132, stack(0x00000009a8f00000,0x00000009a9000000) (1024K)]
  0x0000013ed4f06c60 JavaThread "Notification Thread"        daemon [_thread_blocked, id=16364, stack(0x00000009a8e00000,0x00000009a8f00000) (1024K)]
  0x0000013ed976a730 JavaThread "Active Thread: Equinox Container: cf314577-49f2-4430-988e-e574bf0a80ea"        [_thread_blocked, id=15456, stack(0x00000009a9800000,0x00000009a9900000) (1024K)]
  0x0000013ed4f3e460 JavaThread "Framework Event Dispatcher: Equinox Container: cf314577-49f2-4430-988e-e574bf0a80ea" daemon [_thread_blocked, id=18664, stack(0x00000009a9000000,0x00000009a9100000) (1024K)]
  0x0000013ed4f3ead0 JavaThread "Start Level: Equinox Container: cf314577-49f2-4430-988e-e574bf0a80ea" daemon [_thread_blocked, id=19876, stack(0x00000009a8100000,0x00000009a8200000) (1024K)]
  0x0000013ed4c72420 JavaThread "SCR Component Actor"        daemon [_thread_blocked, id=5316, stack(0x00000009a9900000,0x00000009a9a00000) (1024K)]
  0x0000013ed9672ee0 JavaThread "Worker-JM"                         [_thread_blocked, id=15732, stack(0x00000009a9b00000,0x00000009a9c00000) (1024K)]
  0x0000013ed9583b50 JavaThread "JNA Cleaner"                daemon [_thread_blocked, id=22468, stack(0x00000009a9a00000,0x00000009a9b00000) (1024K)]
  0x0000013ed949e5b0 JavaThread "Worker-0"                          [_thread_blocked, id=20136, stack(0x00000009a9c00000,0x00000009a9d00000) (1024K)]
=>0x0000013ed9ac2d70 JavaThread "Worker-1: Initialize After Load"        [_thread_in_vm, id=11108, stack(0x00000009a9d00000,0x00000009a9e00000) (1024K)]
Total: 19

Other Threads:
  0x0000013efba008d0 VMThread "VM Thread"                           [id=8872, stack(0x00000009a8500000,0x00000009a8600000) (1024K)]
  0x0000013efb9c89c0 WatcherThread "VM Periodic Task Thread"        [id=1732, stack(0x00000009a8400000,0x00000009a8500000) (1024K)]
  0x0000013efb97b6c0 WorkerThread "GC Thread#0"                     [id=18812, stack(0x00000009a8300000,0x00000009a8400000) (1024K)]
  0x0000013ed92770c0 WorkerThread "GC Thread#1"                     [id=19628, stack(0x00000009a9100000,0x00000009a9200000) (1024K)]
  0x0000013ed91a3800 WorkerThread "GC Thread#2"                     [id=604, stack(0x00000009a9200000,0x00000009a9300000) (1024K)]
  0x0000013ed942df80 WorkerThread "GC Thread#3"                     [id=18804, stack(0x00000009a9300000,0x00000009a9400000) (1024K)]
  0x0000013ed942e330 WorkerThread "GC Thread#4"                     [id=21876, stack(0x00000009a9400000,0x00000009a9500000) (1024K)]
  0x0000013ed942e6e0 WorkerThread "GC Thread#5"                     [id=22488, stack(0x00000009a9500000,0x00000009a9600000) (1024K)]
  0x0000013ed942ea90 WorkerThread "GC Thread#6"                     [id=9800, stack(0x00000009a9600000,0x00000009a9700000) (1024K)]
  0x0000013ed9b37280 WorkerThread "GC Thread#7"                     [id=10696, stack(0x00000009a9700000,0x00000009a9800000) (1024K)]
Total: 10

Threads with active compile tasks:
Total: 0

VM state: not at safepoint (normal execution)

VM Mutex/Monitor currently owned by a thread:  ([mutex/lock_event])
[0x00007ffc3c98c4e0] Metaspace_lock - owner thread: 0x0000013ed9ac2d70

Heap address: 0x0000000080000000, size: 2048 MB, Compressed Oops mode: 32-bit

CDS archive(s) mapped at: [0x0000013e93000000-0x0000013e93ba0000-0x0000013e93ba0000), size 12189696, SharedBaseAddress: 0x0000013e93000000, ArchiveRelocationMode: 1.
Compressed class space mapped at: 0x0000013e94000000-0x0000013ed4000000, reserved size: 1073741824
Narrow klass base: 0x0000013e93000000, Narrow klass shift: 0, Narrow klass range: 0x100000000

GC Precious Log:
 CardTable entry size: 512
 CPUs: 8 total, 8 available
 Memory: 7934M
 Large Page Support: Disabled
 NUMA Support: Disabled
 Compressed Oops: Enabled (32-bit)
 Alignments: Space 512K, Generation 512K, Heap 2M
 Heap Min Capacity: 100M
 Heap Initial Capacity: 100M
 Heap Max Capacity: 2G
 Pre-touch: Disabled
 Parallel Workers: 8

Heap:
 PSYoungGen      total 27136K, used 18584K [0x00000000d5580000, 0x00000000d7480000, 0x0000000100000000)
  eden space 24576K, 65% used [0x00000000d5580000,0x00000000d6539290,0x00000000d6d80000)
  from space 2560K, 97% used [0x00000000d6e80000,0x00000000d70eced0,0x00000000d7100000)
  to   space 3584K, 0% used [0x00000000d7100000,0x00000000d7100000,0x00000000d7480000)
 ParOldGen       total 68608K, used 10015K [0x0000000080000000, 0x0000000084300000, 0x00000000d5580000)
  object space 68608K, 14% used [0x0000000080000000,0x00000000809c7d98,0x0000000084300000)
 Metaspace       used 25458K, committed 26176K, reserved 1114112K
  class space    used 2487K, committed 2816K, reserved 1048576K

Card table byte_map: [0x0000013efb300000,0x0000013efb710000] _byte_map_base: 0x0000013efaf00000

Marking Bits: (ParMarkBitMap*) 0x00007ffc3c993450
 Begin Bits: [0x0000013e8f000000, 0x0000013e91000000)
 End Bits:   [0x0000013e91000000, 0x0000013e93000000)

Polling page: 0x0000013ef9950000

Metaspace:

Usage:
  Non-class:     22.43 MB used.
      Class:      2.43 MB used.
       Both:     24.86 MB used.

Virtual space:
  Non-class space:       64.00 MB reserved,      22.81 MB ( 36%) committed,  1 nodes.
      Class space:        1.00 GB reserved,       2.75 MB ( <1%) committed,  1 nodes.
             Both:        1.06 GB reserved,      25.56 MB (  2%) committed. 

Chunk freelists:
   Non-Class:  9.05 MB
       Class:  13.23 MB
        Both:  22.28 MB

MaxMetaspaceSize: unlimited
CompressedClassSpaceSize: 1.00 GB
Initial GC threshold: 21.00 MB
Current GC threshold: 35.00 MB
CDS: on
 - commit_granule_bytes: 65536.
 - commit_granule_words: 8192.
 - virtual_space_node_default_size: 8388608.
 - enlarge_chunks_in_place: 1.
 - use_allocation_guard: 0.


Internal statistics:

num_allocs_failed_limit: 3.
num_arena_births: 528.
num_arena_deaths: 14.
num_vsnodes_births: 2.
num_vsnodes_deaths: 0.
num_space_committed: 409.
num_space_uncommitted: 0.
num_chunks_returned_to_freelist: 17.
num_chunks_taken_from_freelist: 1489.
num_chunk_merges: 9.
num_chunk_splits: 985.
num_chunks_enlarged: 632.
num_inconsistent_stats: 0.

CodeHeap 'non-profiled nmethods': size=120000Kb used=1560Kb max_used=1560Kb free=118439Kb
 bounds [0x0000013e87ad0000, 0x0000013e87d40000, 0x0000013e8f000000]
CodeHeap 'profiled nmethods': size=120000Kb used=6350Kb max_used=6350Kb free=113649Kb
 bounds [0x0000013e80000000, 0x0000013e80640000, 0x0000013e87530000]
CodeHeap 'non-nmethods': size=5760Kb used=1341Kb max_used=1368Kb free=4418Kb
 bounds [0x0000013e87530000, 0x0000013e877a0000, 0x0000013e87ad0000]
CodeCache: size=245760Kb, used=9251Kb, max_used=9278Kb, free=236506Kb
 total_blobs=3879, nmethods=3259, adapters=526, full_count=0
Compilation: enabled, stopped_count=0, restarted_count=0

Compilation events (20 events):
Event: 46.107 Thread 0x0000013efb90e5c0 3255       4       java.util.zip.ZipFile$ZipEntryIterator::nextElement (5 bytes)
Event: 46.118 Thread 0x0000013efb90e5c0 nmethod 3255 0x0000013e87c51110 code [0x0000013e87c512e0, 0x0000013e87c517b0]
Event: 46.118 Thread 0x0000013efb90e5c0 3256   !   4       java.util.zip.ZipFile$ZipEntryIterator::next (71 bytes)
Event: 48.187 Thread 0x0000013efb90e5c0 nmethod 3256 0x0000013e87c51a90 code [0x0000013e87c51d00, 0x0000013e87c53298]
Event: 48.187 Thread 0x0000013efb90e5c0 3257       4       org.eclipse.osgi.storage.bundlefile.ZipBundleFile$1::hasNext (10 bytes)
Event: 48.189 Thread 0x0000013efb90e5c0 nmethod 3257 0x0000013e87c54010 code [0x0000013e87c541a0, 0x0000013e87c54278]
Event: 48.189 Thread 0x0000013efb90e5c0 3258       4       org.eclipse.osgi.storage.bundlefile.ZipBundleFile$1::next (5 bytes)
Event: 48.192 Thread 0x0000013efb90e5c0 nmethod 3258 0x0000013e87c54390 code [0x0000013e87c54540, 0x0000013e87c54670]
Event: 48.363 Thread 0x0000013efb90e5c0 3259       4       java.lang.AbstractStringBuilder::<init> (63 bytes)
Event: 48.383 Thread 0x0000013efb90e5c0 nmethod 3259 0x0000013e87c54810 code [0x0000013e87c54a00, 0x0000013e87c552b8]
Event: 51.528 Thread 0x0000013ed4bd9490 3260  s    1       java.lang.StringBuffer::length (5 bytes)
Event: 51.528 Thread 0x0000013ed4bd9490 nmethod 3260 0x0000013e87c55790 code [0x0000013e87c55920, 0x0000013e87c55aa8]
Event: 51.577 Thread 0x0000013ed4bd9490 3261       3       java.util.regex.Pattern::next (33 bytes)
Event: 51.577 Thread 0x0000013ed4bd9490 nmethod 3261 0x0000013e80632e10 code [0x0000013e80632fc0, 0x0000013e80633218]
Event: 51.577 Thread 0x0000013efb90e5c0 3263       4       sun.invoke.util.VerifyAccess::isSamePackage (37 bytes)
Event: 51.577 Thread 0x0000013ed4bd9490 3262       3       java.util.regex.Pattern::append (43 bytes)
Event: 51.577 Thread 0x0000013ed4bd9490 nmethod 3262 0x0000013e80633310 code [0x0000013e806334e0, 0x0000013e80633878]
Event: 51.578 Thread 0x0000013ed4bd9490 3264       1       java.lang.Class::getClassLoader0 (5 bytes)
Event: 51.578 Thread 0x0000013ed4bd9490 nmethod 3264 0x0000013e87c55b10 code [0x0000013e87c55ca0, 0x0000013e87c55d68]
Event: 51.580 Thread 0x0000013efb90e5c0 nmethod 3263 0x0000013e87c55e10 code [0x0000013e87c55fc0, 0x0000013e87c560d8]

GC Heap History (16 events):
Event: 1.840 GC heap before
{Heap before GC invocations=1 (full 0):
 PSYoungGen      total 29696K, used 25600K [0x00000000d5580000, 0x00000000d7680000, 0x0000000100000000)
  eden space 25600K, 100% used [0x00000000d5580000,0x00000000d6e80000,0x00000000d6e80000)
  from space 4096K, 0% used [0x00000000d7280000,0x00000000d7280000,0x00000000d7680000)
  to   space 4096K, 0% used [0x00000000d6e80000,0x00000000d6e80000,0x00000000d7280000)
 ParOldGen       total 68608K, used 0K [0x0000000080000000, 0x0000000084300000, 0x00000000d5580000)
  object space 68608K, 0% used [0x0000000080000000,0x0000000080000000,0x0000000084300000)
 Metaspace       used 4358K, committed 4608K, reserved 1114112K
  class space    used 474K, committed 576K, reserved 1048576K
}
Event: 1.853 GC heap after
{Heap after GC invocations=1 (full 0):
 PSYoungGen      total 29696K, used 3303K [0x00000000d5580000, 0x00000000d7680000, 0x0000000100000000)
  eden space 25600K, 0% used [0x00000000d5580000,0x00000000d5580000,0x00000000d6e80000)
  from space 4096K, 80% used [0x00000000d6e80000,0x00000000d71b9e98,0x00000000d7280000)
  to   space 4096K, 0% used [0x00000000d7280000,0x00000000d7280000,0x00000000d7680000)
 ParOldGen       total 68608K, used 16K [0x0000000080000000, 0x0000000084300000, 0x00000000d5580000)
  object space 68608K, 0% used [0x0000000080000000,0x0000000080004000,0x0000000084300000)
 Metaspace       used 4358K, committed 4608K, reserved 1114112K
  class space    used 474K, committed 576K, reserved 1048576K
}
Event: 31.404 GC heap before
{Heap before GC invocations=2 (full 0):
 PSYoungGen      total 29696K, used 28903K [0x00000000d5580000, 0x00000000d7680000, 0x0000000100000000)
  eden space 25600K, 100% used [0x00000000d5580000,0x00000000d6e80000,0x00000000d6e80000)
  from space 4096K, 80% used [0x00000000d6e80000,0x00000000d71b9e98,0x00000000d7280000)
  to   space 4096K, 0% used [0x00000000d7280000,0x00000000d7280000,0x00000000d7680000)
 ParOldGen       total 68608K, used 16K [0x0000000080000000, 0x0000000084300000, 0x00000000d5580000)
  object space 68608K, 0% used [0x0000000080000000,0x0000000080004000,0x0000000084300000)
 Metaspace       used 8152K, committed 8448K, reserved 1114112K
  class space    used 864K, committed 960K, reserved 1048576K
}
Event: 31.423 GC heap after
{Heap after GC invocations=2 (full 0):
 PSYoungGen      total 29696K, used 4070K [0x00000000d5580000, 0x00000000d7680000, 0x0000000100000000)
  eden space 25600K, 0% used [0x00000000d5580000,0x00000000d5580000,0x00000000d6e80000)
  from space 4096K, 99% used [0x00000000d7280000,0x00000000d7679800,0x00000000d7680000)
  to   space 4096K, 0% used [0x00000000d6e80000,0x00000000d6e80000,0x00000000d7280000)
 ParOldGen       total 68608K, used 1163K [0x0000000080000000, 0x0000000084300000, 0x00000000d5580000)
  object space 68608K, 1% used [0x0000000080000000,0x0000000080122eb8,0x0000000084300000)
 Metaspace       used 8152K, committed 8448K, reserved 1114112K
  class space    used 864K, committed 960K, reserved 1048576K
}
Event: 34.709 GC heap before
{Heap before GC invocations=3 (full 0):
 PSYoungGen      total 29696K, used 29668K [0x00000000d5580000, 0x00000000d7680000, 0x0000000100000000)
  eden space 25600K, 99% used [0x00000000d5580000,0x00000000d6e7f8d0,0x00000000d6e80000)
  from space 4096K, 99% used [0x00000000d7280000,0x00000000d7679800,0x00000000d7680000)
  to   space 4096K, 0% used [0x00000000d6e80000,0x00000000d6e80000,0x00000000d7280000)
 ParOldGen       total 68608K, used 1163K [0x0000000080000000, 0x0000000084300000, 0x00000000d5580000)
  object space 68608K, 1% used [0x0000000080000000,0x0000000080122eb8,0x0000000084300000)
 Metaspace       used 12974K, committed 13504K, reserved 1114112K
  class space    used 1372K, committed 1600K, reserved 1048576K
}
Event: 34.719 GC heap after
{Heap after GC invocations=3 (full 0):
 PSYoungGen      total 29696K, used 4076K [0x00000000d5580000, 0x00000000d7680000, 0x0000000100000000)
  eden space 25600K, 0% used [0x00000000d5580000,0x00000000d5580000,0x00000000d6e80000)
  from space 4096K, 99% used [0x00000000d6e80000,0x00000000d727b088,0x00000000d7280000)
  to   space 4096K, 0% used [0x00000000d7280000,0x00000000d7280000,0x00000000d7680000)
 ParOldGen       total 68608K, used 2920K [0x0000000080000000, 0x0000000084300000, 0x00000000d5580000)
  object space 68608K, 4% used [0x0000000080000000,0x00000000802da110,0x0000000084300000)
 Metaspace       used 12974K, committed 13504K, reserved 1114112K
  class space    used 1372K, committed 1600K, reserved 1048576K
}
Event: 37.794 GC heap before
{Heap before GC invocations=4 (full 0):
 PSYoungGen      total 29696K, used 29676K [0x00000000d5580000, 0x00000000d7680000, 0x0000000100000000)
  eden space 25600K, 100% used [0x00000000d5580000,0x00000000d6e80000,0x00000000d6e80000)
  from space 4096K, 99% used [0x00000000d6e80000,0x00000000d727b088,0x00000000d7280000)
  to   space 4096K, 0% used [0x00000000d7280000,0x00000000d7280000,0x00000000d7680000)
 ParOldGen       total 68608K, used 2920K [0x0000000080000000, 0x0000000084300000, 0x00000000d5580000)
  object space 68608K, 4% used [0x0000000080000000,0x00000000802da110,0x0000000084300000)
 Metaspace       used 16644K, committed 17344K, reserved 1114112K
  class space    used 1756K, committed 2048K, reserved 1048576K
}
Event: 37.806 GC heap after
{Heap after GC invocations=4 (full 0):
 PSYoungGen      total 29696K, used 4076K [0x00000000d5580000, 0x00000000d7680000, 0x0000000100000000)
  eden space 25600K, 0% used [0x00000000d5580000,0x00000000d5580000,0x00000000d6e80000)
  from space 4096K, 99% used [0x00000000d7280000,0x00000000d767b380,0x00000000d7680000)
  to   space 4096K, 0% used [0x00000000d6e80000,0x00000000d6e80000,0x00000000d7280000)
 ParOldGen       total 68608K, used 5957K [0x0000000080000000, 0x0000000084300000, 0x00000000d5580000)
  object space 68608K, 8% used [0x0000000080000000,0x00000000805d1440,0x0000000084300000)
 Metaspace       used 16644K, committed 17344K, reserved 1114112K
  class space    used 1756K, committed 2048K, reserved 1048576K
}
Event: 38.686 GC heap before
{Heap before GC invocations=5 (full 0):
 PSYoungGen      total 29696K, used 29676K [0x00000000d5580000, 0x00000000d7680000, 0x0000000100000000)
  eden space 25600K, 100% used [0x00000000d5580000,0x00000000d6e80000,0x00000000d6e80000)
  from space 4096K, 99% used [0x00000000d7280000,0x00000000d767b380,0x00000000d7680000)
  to   space 4096K, 0% used [0x00000000d6e80000,0x00000000d6e80000,0x00000000d7280000)
 ParOldGen       total 68608K, used 5957K [0x0000000080000000, 0x0000000084300000, 0x00000000d5580000)
  object space 68608K, 8% used [0x0000000080000000,0x00000000805d1440,0x0000000084300000)
 Metaspace       used 19944K, committed 20608K, reserved 1114112K
  class space    used 1988K, committed 2304K, reserved 1048576K
}
Event: 38.694 GC heap after
{Heap after GC invocations=5 (full 0):
 PSYoungGen      total 29184K, used 4077K [0x00000000d5580000, 0x00000000d7900000, 0x0000000100000000)
  eden space 25088K, 0% used [0x00000000d5580000,0x00000000d5580000,0x00000000d6e00000)
  from space 4096K, 99% used [0x00000000d6e80000,0x00000000d727b698,0x00000000d7280000)
  to   space 5632K, 0% used [0x00000000d7380000,0x00000000d7380000,0x00000000d7900000)
 ParOldGen       total 68608K, used 6548K [0x0000000080000000, 0x0000000084300000, 0x00000000d5580000)
  object space 68608K, 9% used [0x0000000080000000,0x0000000080665230,0x0000000084300000)
 Metaspace       used 19944K, committed 20608K, reserved 1114112K
  class space    used 1988K, committed 2304K, reserved 1048576K
}
Event: 38.935 GC heap before
{Heap before GC invocations=6 (full 0):
 PSYoungGen      total 29184K, used 11996K [0x00000000d5580000, 0x00000000d7900000, 0x0000000100000000)
  eden space 25088K, 31% used [0x00000000d5580000,0x00000000d5d3bd58,0x00000000d6e00000)
  from space 4096K, 99% used [0x00000000d6e80000,0x00000000d727b698,0x00000000d7280000)
  to   space 5632K, 0% used [0x00000000d7380000,0x00000000d7380000,0x00000000d7900000)
 ParOldGen       total 68608K, used 6548K [0x0000000080000000, 0x0000000084300000, 0x00000000d5580000)
  object space 68608K, 9% used [0x0000000080000000,0x0000000080665230,0x0000000084300000)
 Metaspace       used 20880K, committed 21504K, reserved 1114112K
  class space    used 2058K, committed 2368K, reserved 1048576K
}
Event: 38.943 GC heap after
{Heap after GC invocations=6 (full 0):
 PSYoungGen      total 30208K, used 4988K [0x00000000d5580000, 0x00000000d7880000, 0x0000000100000000)
  eden space 25088K, 0% used [0x00000000d5580000,0x00000000d5580000,0x00000000d6e00000)
  from space 5120K, 97% used [0x00000000d7380000,0x00000000d785f038,0x00000000d7880000)
  to   space 5120K, 0% used [0x00000000d6e80000,0x00000000d6e80000,0x00000000d7380000)
 ParOldGen       total 68608K, used 6556K [0x0000000080000000, 0x0000000084300000, 0x00000000d5580000)
  object space 68608K, 9% used [0x0000000080000000,0x0000000080667230,0x0000000084300000)
 Metaspace       used 20880K, committed 21504K, reserved 1114112K
  class space    used 2058K, committed 2368K, reserved 1048576K
}
Event: 38.943 GC heap before
{Heap before GC invocations=7 (full 1):
 PSYoungGen      total 30208K, used 4988K [0x00000000d5580000, 0x00000000d7880000, 0x0000000100000000)
  eden space 25088K, 0% used [0x00000000d5580000,0x00000000d5580000,0x00000000d6e00000)
  from space 5120K, 97% used [0x00000000d7380000,0x00000000d785f038,0x00000000d7880000)
  to   space 5120K, 0% used [0x00000000d6e80000,0x00000000d6e80000,0x00000000d7380000)
 ParOldGen       total 68608K, used 6556K [0x0000000080000000, 0x0000000084300000, 0x00000000d5580000)
  object space 68608K, 9% used [0x0000000080000000,0x0000000080667230,0x0000000084300000)
 Metaspace       used 20880K, committed 21504K, reserved 1114112K
  class space    used 2058K, committed 2368K, reserved 1048576K
}
Event: 39.036 GC heap after
{Heap after GC invocations=7 (full 1):
 PSYoungGen      total 30208K, used 0K [0x00000000d5580000, 0x00000000d7880000, 0x0000000100000000)
  eden space 25088K, 0% used [0x00000000d5580000,0x00000000d5580000,0x00000000d6e00000)
  from space 5120K, 0% used [0x00000000d7380000,0x00000000d7380000,0x00000000d7880000)
  to   space 5120K, 0% used [0x00000000d6e80000,0x00000000d6e80000,0x00000000d7380000)
 ParOldGen       total 68608K, used 10007K [0x0000000080000000, 0x0000000084300000, 0x00000000d5580000)
  object space 68608K, 14% used [0x0000000080000000,0x00000000809c5d98,0x0000000084300000)
 Metaspace       used 20867K, committed 21504K, reserved 1114112K
  class space    used 2054K, committed 2368K, reserved 1048576K
}
Event: 40.322 GC heap before
{Heap before GC invocations=8 (full 1):
 PSYoungGen      total 30208K, used 25088K [0x00000000d5580000, 0x00000000d7880000, 0x0000000100000000)
  eden space 25088K, 100% used [0x00000000d5580000,0x00000000d6e00000,0x00000000d6e00000)
  from space 5120K, 0% used [0x00000000d7380000,0x00000000d7380000,0x00000000d7880000)
  to   space 5120K, 0% used [0x00000000d6e80000,0x00000000d6e80000,0x00000000d7380000)
 ParOldGen       total 68608K, used 10007K [0x0000000080000000, 0x0000000084300000, 0x00000000d5580000)
  object space 68608K, 14% used [0x0000000080000000,0x00000000809c5d98,0x0000000084300000)
 Metaspace       used 23014K, committed 23744K, reserved 1114112K
  class space    used 2232K, committed 2560K, reserved 1048576K
}
Event: 40.326 GC heap after
{Heap after GC invocations=8 (full 1):
 PSYoungGen      total 27136K, used 2483K [0x00000000d5580000, 0x00000000d7480000, 0x0000000100000000)
  eden space 24576K, 0% used [0x00000000d5580000,0x00000000d5580000,0x00000000d6d80000)
  from space 2560K, 97% used [0x00000000d6e80000,0x00000000d70eced0,0x00000000d7100000)
  to   space 3584K, 0% used [0x00000000d7100000,0x00000000d7100000,0x00000000d7480000)
 ParOldGen       total 68608K, used 10015K [0x0000000080000000, 0x0000000084300000, 0x00000000d5580000)
  object space 68608K, 14% used [0x0000000080000000,0x00000000809c7d98,0x0000000084300000)
 Metaspace       used 23014K, committed 23744K, reserved 1114112K
  class space    used 2232K, committed 2560K, reserved 1048576K
}

Dll operation events (10 events):
Event: 0.125 Loaded shared library c:\Users\andre\.vscode\extensions\redhat.java-1.54.0-win32-x64\jre\21.0.10-win32-x86_64\bin\java.dll
Event: 0.228 Loaded shared library c:\Users\andre\.vscode\extensions\redhat.java-1.54.0-win32-x64\jre\21.0.10-win32-x86_64\bin\zip.dll
Event: 0.262 Loaded shared library C:\Users\andre\.vscode\extensions\redhat.java-1.54.0-win32-x64\jre\21.0.10-win32-x86_64\bin\instrument.dll
Event: 0.270 Loaded shared library C:\Users\andre\.vscode\extensions\redhat.java-1.54.0-win32-x64\jre\21.0.10-win32-x86_64\bin\net.dll
Event: 0.275 Loaded shared library C:\Users\andre\.vscode\extensions\redhat.java-1.54.0-win32-x64\jre\21.0.10-win32-x86_64\bin\nio.dll
Event: 0.282 Loaded shared library C:\Users\andre\.vscode\extensions\redhat.java-1.54.0-win32-x64\jre\21.0.10-win32-x86_64\bin\zip.dll
Event: 0.315 Loaded shared library C:\Users\andre\.vscode\extensions\redhat.java-1.54.0-win32-x64\jre\21.0.10-win32-x86_64\bin\jimage.dll
Event: 0.607 Loaded shared library c:\Users\andre\.vscode\extensions\redhat.java-1.54.0-win32-x64\jre\21.0.10-win32-x86_64\bin\verify.dll
Event: 31.796 Loaded shared library C:\Users\andre\AppData\Roaming\Code\User\globalStorage\redhat.java\1.54.0\config_ss_win\org.eclipse.equinox.launcher\org.eclipse.equinox.launcher.win32.win32.x86_64_1.3.0.v20260203-2149\eclipse_11919.dll
Event: 37.257 Loaded shared library C:\Users\andre\AppData\Local\Temp\jna-92958282\jna13473677415584104272.dll

Deoptimization events (20 events):
Event: 40.705 Thread 0x0000013ed4f3ead0 DEOPT PACKING pc=0x0000013e805a6dc9 sp=0x00000009a81f8fa0
Event: 40.705 Thread 0x0000013ed4f3ead0 DEOPT UNPACKING pc=0x0000013e875878e2 sp=0x00000009a81f8410 mode 0
Event: 40.706 Thread 0x0000013ed4f3ead0 DEOPT PACKING pc=0x0000013e805a6dc9 sp=0x00000009a81f8fa0
Event: 40.706 Thread 0x0000013ed4f3ead0 DEOPT UNPACKING pc=0x0000013e875878e2 sp=0x00000009a81f8410 mode 0
Event: 40.848 Thread 0x0000013ed4f3ead0 Uncommon trap: trap_request=0xffffffde fr.pc=0x0000013e87c36e14 relative=0x0000000000000854
Event: 40.848 Thread 0x0000013ed4f3ead0 Uncommon trap: reason=class_check action=maybe_recompile pc=0x0000013e87c36e14 method=java.util.HashMap.putVal(ILjava/lang/Object;Ljava/lang/Object;ZZ)Ljava/lang/Object; @ 91 c2
Event: 40.849 Thread 0x0000013ed4f3ead0 DEOPT PACKING pc=0x0000013e87c36e14 sp=0x00000009a81fdb10
Event: 40.850 Thread 0x0000013ed4f3ead0 DEOPT UNPACKING pc=0x0000013e87586da2 sp=0x00000009a81fda00 mode 2
Event: 40.850 Thread 0x0000013ed4f3ead0 Uncommon trap: trap_request=0xffffffde fr.pc=0x0000013e87c36e14 relative=0x0000000000000854
Event: 40.850 Thread 0x0000013ed4f3ead0 Uncommon trap: reason=class_check action=maybe_recompile pc=0x0000013e87c36e14 method=java.util.HashMap.putVal(ILjava/lang/Object;Ljava/lang/Object;ZZ)Ljava/lang/Object; @ 91 c2
Event: 40.850 Thread 0x0000013ed4f3ead0 DEOPT PACKING pc=0x0000013e87c36e14 sp=0x00000009a81fdb10
Event: 40.850 Thread 0x0000013ed4f3ead0 DEOPT UNPACKING pc=0x0000013e87586da2 sp=0x00000009a81fda00 mode 2
Event: 41.297 Thread 0x0000013ed4f3ead0 Uncommon trap: trap_request=0xffffff45 fr.pc=0x0000013e87b2fa44 relative=0x0000000000000124
Event: 41.297 Thread 0x0000013ed4f3ead0 Uncommon trap: reason=unstable_if action=reinterpret pc=0x0000013e87b2fa44 method=jdk.internal.org.objectweb.asm.SymbolTable.put(Ljdk/internal/org/objectweb/asm/SymbolTable$Entry;)Ljdk/internal/org/objectweb/asm/SymbolTable$Entry; @ 13 c2
Event: 41.297 Thread 0x0000013ed4f3ead0 DEOPT PACKING pc=0x0000013e87b2fa44 sp=0x00000009a81fbe80
Event: 41.297 Thread 0x0000013ed4f3ead0 DEOPT UNPACKING pc=0x0000013e87586da2 sp=0x00000009a81fbde0 mode 2
Event: 46.110 Thread 0x0000013efb95bdf0 Uncommon trap: trap_request=0xffffff45 fr.pc=0x0000013e87c3d81c relative=0x000000000000133c
Event: 46.110 Thread 0x0000013efb95bdf0 Uncommon trap: reason=unstable_if action=reinterpret pc=0x0000013e87c3d81c method=java.util.zip.ZipCoder$UTF8ZipCoder.hasTrailingSlash([BI)Z @ 11 c2
Event: 46.110 Thread 0x0000013efb95bdf0 DEOPT PACKING pc=0x0000013e87c3d81c sp=0x00000009a82f9f90
Event: 46.110 Thread 0x0000013efb95bdf0 DEOPT UNPACKING pc=0x0000013e87586da2 sp=0x00000009a82f9ef8 mode 2

Classes loaded (20 events):
Event: 41.200 Loading class sun/nio/cs/UTF_8$Encoder
Event: 41.200 Loading class sun/nio/cs/UTF_8$Encoder done
Event: 42.118 Loading class javax/crypto/IllegalBlockSizeException
Event: 42.472 Loading class javax/crypto/IllegalBlockSizeException done
Event: 42.472 Loading class javax/crypto/BadPaddingException
Event: 42.839 Loading class javax/crypto/BadPaddingException done
Event: 42.844 Loading class java/security/InvalidAlgorithmParameterException
Event: 42.844 Loading class java/security/InvalidAlgorithmParameterException done
Event: 42.845 Loading class java/security/spec/InvalidKeySpecException
Event: 42.845 Loading class java/security/spec/InvalidKeySpecException done
Event: 42.845 Loading class javax/crypto/NoSuchPaddingException
Event: 42.845 Loading class javax/crypto/NoSuchPaddingException done
Event: 42.846 Loading class java/security/spec/InvalidParameterSpecException
Event: 42.846 Loading class java/security/spec/InvalidParameterSpecException done
Event: 42.849 Loading class javax/crypto/spec/PBEKeySpec
Event: 42.849 Loading class javax/crypto/spec/PBEKeySpec done
Event: 43.777 Loading class jdk/internal/reflect/MethodHandleBooleanFieldAccessorImpl
Event: 44.259 Loading class jdk/internal/reflect/MethodHandleBooleanFieldAccessorImpl done
Event: 47.134 Loading class java/util/concurrent/Executors$DefaultThreadFactory
Event: 48.158 Loading class java/util/concurrent/Executors$DefaultThreadFactory done

Classes unloaded (7 events):
Event: 38.959 Thread 0x0000013efba008d0 Unloading class 0x0000013e9418cc00 'java/lang/invoke/LambdaForm$MH+0x0000013e9418cc00'
Event: 38.959 Thread 0x0000013efba008d0 Unloading class 0x0000013e9418c800 'java/lang/invoke/LambdaForm$MH+0x0000013e9418c800'
Event: 38.959 Thread 0x0000013efba008d0 Unloading class 0x0000013e9418c400 'java/lang/invoke/LambdaForm$MH+0x0000013e9418c400'
Event: 38.959 Thread 0x0000013efba008d0 Unloading class 0x0000013e9418c000 'java/lang/invoke/LambdaForm$MH+0x0000013e9418c000'
Event: 38.959 Thread 0x0000013efba008d0 Unloading class 0x0000013e9418bc00 'java/lang/invoke/LambdaForm$BMH+0x0000013e9418bc00'
Event: 38.959 Thread 0x0000013efba008d0 Unloading class 0x0000013e9418b800 'java/lang/invoke/LambdaForm$DMH+0x0000013e9418b800'
Event: 38.959 Thread 0x0000013efba008d0 Unloading class 0x0000013e9418a400 'java/lang/invoke/LambdaForm$DMH+0x0000013e9418a400'

Classes redefined (0 events):
No events

Internal exceptions (20 events):
Event: 37.593 Thread 0x0000013ed949e5b0 Exception <a 'java/lang/NoSuchMethodError'{0x00000000d68793b0}: 'java.lang.Object java.lang.invoke.DirectMethodHandle$Holder.invokeSpecial(java.lang.Object, java.lang.Object, int, java.lang.Object, java.lang.Object)'> (0x00000000d68793b0) 
thrown [s\src\hotspot\share\interpreter\linkResolver.cpp, line 773]
Event: 37.594 Thread 0x0000013ed949e5b0 Exception <a 'java/lang/NoSuchMethodError'{0x00000000d68800e8}: 'java.lang.Object java.lang.invoke.DirectMethodHandle$Holder.newInvokeSpecial(java.lang.Object, java.lang.Object, int, java.lang.Object)'> (0x00000000d68800e8) 
thrown [s\src\hotspot\share\interpreter\linkResolver.cpp, line 773]
Event: 37.595 Thread 0x0000013ed949e5b0 Exception <a 'java/lang/NoSuchMethodError'{0x00000000d68839c8}: 'java.lang.Object java.lang.invoke.DirectMethodHandle$Holder.invokeSpecial(java.lang.Object, java.lang.Object, java.lang.Object, int, java.lang.Object)'> (0x00000000d68839c8) 
thrown [s\src\hotspot\share\interpreter\linkResolver.cpp, line 773]
Event: 37.637 Thread 0x0000013ed4f3ead0 Exception <a 'java/lang/NoSuchMethodError'{0x00000000d6a81fa8}: 'void java.lang.invoke.DirectMethodHandle$Holder.invokeSpecial(java.lang.Object, java.lang.Object, java.lang.Object, java.lang.Object, java.lang.Object)'> (0x00000000d6a81fa8) 
thrown [s\src\hotspot\share\interpreter\linkResolver.cpp, line 773]
Event: 37.736 Thread 0x0000013ed4f3ead0 Exception <a 'java/lang/NoSuchMethodError'{0x00000000d6cb7f40}: 'double java.lang.invoke.DirectMethodHandle$Holder.invokeStatic(java.lang.Object, java.lang.Object)'> (0x00000000d6cb7f40) 
thrown [s\src\hotspot\share\interpreter\linkResolver.cpp, line 773]
Event: 37.737 Thread 0x0000013ed4f3ead0 Exception <a 'java/lang/NoSuchMethodError'{0x00000000d6cbb600}: 'double java.lang.invoke.DirectMethodHandle$Holder.invokeStaticInit(java.lang.Object, java.lang.Object)'> (0x00000000d6cbb600) 
thrown [s\src\hotspot\share\interpreter\linkResolver.cpp, line 773]
Event: 38.793 Thread 0x0000013ed4f3ead0 Implicit null exception at 0x0000013e87c02675 to 0x0000013e87c02788
Event: 39.278 Thread 0x0000013ed4f3ead0 Exception <a 'java/io/FileNotFoundException'{0x00000000d63fa750}> (0x00000000d63fa750) 
thrown [s\src\hotspot\share\prims\jni.cpp, line 520]
Event: 39.279 Thread 0x0000013ed4f3ead0 Exception <a 'java/io/FileNotFoundException'{0x00000000d63fb788}> (0x00000000d63fb788) 
thrown [s\src\hotspot\share\prims\jni.cpp, line 520]
Event: 40.017 Thread 0x0000013ed4f3ead0 Exception <a 'java/lang/ClassNotFoundException'{0x00000000d6c35108}: com/sun/org/apache/xerces/internal/impl/msg/spi/DOMMessagesProvider> (0x00000000d6c35108) 
thrown [s\src\hotspot\share\classfile\systemDictionary.cpp, line 312]
Event: 40.030 Thread 0x0000013ed4f3ead0 Exception <a 'java/lang/ClassNotFoundException'{0x00000000d6c63260}: com/sun/org/apache/xerces/internal/impl/msg/spi/XMLSerializerMessagesProvider> (0x00000000d6c63260) 
thrown [s\src\hotspot\share\classfile\systemDictionary.cpp, line 312]
Event: 40.037 Thread 0x0000013ed4f3ead0 Exception <a 'java/lang/ClassNotFoundException'{0x00000000d6c7b828}: com/sun/org/apache/xerces/internal/impl/msg/spi/XMLMessagesProvider> (0x00000000d6c7b828) 
thrown [s\src\hotspot\share\classfile\systemDictionary.cpp, line 312]
Event: 40.374 Thread 0x0000013ed4f3ead0 Exception <a 'java/lang/NoSuchMethodError'{0x00000000d569ace0}: 'java.lang.Object java.lang.invoke.DirectMethodHandle$Holder.newInvokeSpecial(java.lang.Object, int, java.lang.Object, java.lang.Object)'> (0x00000000d569ace0) 
thrown [s\src\hotspot\share\interpreter\linkResolver.cpp, line 773]
Event: 40.541 Thread 0x0000013ed4f3ead0 Exception <a 'sun/nio/fs/WindowsException'{0x00000000d5884ad8}> (0x00000000d5884ad8) 
thrown [s\src\hotspot\share\prims\jni.cpp, line 520]
Event: 40.929 Thread 0x0000013ed4f3ead0 Exception <a 'java/lang/ClassNotFoundException'{0x00000000d5e1db20}: com/sun/org/apache/xml/internal/serializer/spi/XMLEntitiesProvider> (0x00000000d5e1db20) 
thrown [s\src\hotspot\share\classfile\systemDictionary.cpp, line 312]
Event: 41.239 Thread 0x0000013ed4f3ead0 Exception <a 'java/io/FileNotFoundException'{0x00000000d6194db8}> (0x00000000d6194db8) 
thrown [s\src\hotspot\share\prims\jni.cpp, line 520]
Event: 42.097 Thread 0x0000013ed4f3ead0 Exception <a 'java/lang/UnsatisfiedLinkError'{0x00000000d628f850}: No se encontrÃ³ el proceso especificado.
> (0x00000000d628f850) 
thrown [s\src\hotspot\share\prims\jni.cpp, line 539]
Event: 42.108 Thread 0x0000013ed4f3ead0 Exception <a 'java/io/FileNotFoundException'{0x00000000d62a5f18}> (0x00000000d62a5f18) 
thrown [s\src\hotspot\share\prims\jni.cpp, line 520]
Event: 42.850 Thread 0x0000013ed4f3ead0 Exception <a 'java/io/FileNotFoundException'{0x00000000d631fe60}> (0x00000000d631fe60) 
thrown [s\src\hotspot\share\prims\jni.cpp, line 520]
Event: 44.263 Thread 0x0000013ed4f3ead0 Exception <a 'java/lang/UnsatisfiedLinkError'{0x00000000d6354e38}: No se encontrÃ³ el proceso especificado.
> (0x00000000d6354e38) 
thrown [s\src\hotspot\share\prims\jni.cpp, line 539]

ZGC Phase Switch (0 events):
No events

VM Operations (20 events):
Event: 40.036 Executing safepoint VM operation: Cleanup
Event: 40.036 Executing safepoint VM operation: Cleanup done
Event: 40.188 Executing safepoint VM operation: ParallelGCFailedAllocation (Allocation Failure)
Event: 40.326 Executing safepoint VM operation: ParallelGCFailedAllocation (Allocation Failure) done
Event: 40.504 Executing non-safepoint VM operation: HandshakeAllThreads (Deoptimize)
Event: 40.504 Executing non-safepoint VM operation: HandshakeAllThreads (Deoptimize) done
Event: 40.716 Executing non-safepoint VM operation: HandshakeAllThreads (Deoptimize)
Event: 40.716 Executing non-safepoint VM operation: HandshakeAllThreads (Deoptimize) done
Event: 41.035 Executing non-safepoint VM operation: HandshakeAllThreads (Deoptimize)
Event: 41.035 Executing non-safepoint VM operation: HandshakeAllThreads (Deoptimize) done
Event: 42.046 Executing safepoint VM operation: Cleanup
Event: 42.046 Executing safepoint VM operation: Cleanup done
Event: 43.053 Executing safepoint VM operation: Cleanup
Event: 43.053 Executing safepoint VM operation: Cleanup done
Event: 44.059 Executing safepoint VM operation: Cleanup
Event: 44.258 Executing safepoint VM operation: Cleanup done
Event: 45.266 Executing safepoint VM operation: Cleanup
Event: 45.267 Executing safepoint VM operation: Cleanup done
Event: 46.275 Executing safepoint VM operation: Cleanup
Event: 46.275 Executing safepoint VM operation: Cleanup done

Memory protections (0 events):
No events

Nmethod flushes (0 events):
No events

Events (20 events):
Event: 34.280 Thread 0x0000013efb90e5c0 Thread added: 0x0000013ed95b66b0
Event: 34.403 Thread 0x0000013ed4f3ead0 Thread added: 0x0000013ed9672ee0
Event: 34.414 Thread 0x0000013ed95b66b0 Thread exited: 0x0000013ed95b66b0
Event: 35.375 Thread 0x0000013ed4bd9490 Thread added: 0x0000013ed94b8980
Event: 35.570 Thread 0x0000013ed94b8980 Thread exited: 0x0000013ed94b8980
Event: 37.362 Thread 0x0000013ed4f3ead0 Thread added: 0x0000013ed9583b50
Event: 37.535 Thread 0x0000013ed4f3ead0 Thread added: 0x0000013ed949e5b0
Event: 37.593 Thread 0x0000013ed4f3ead0 Thread added: 0x0000013ed9ac2d70
Event: 37.789 Thread 0x0000013ed4bd9490 Thread added: 0x0000013ed4dd91e0
Event: 38.195 Thread 0x0000013ed4dd91e0 Thread exited: 0x0000013ed4dd91e0
Event: 39.418 Thread 0x0000013ed4bd9490 Thread added: 0x0000013edae9b860
Event: 39.418 Thread 0x0000013ed4bd9490 Thread added: 0x0000013edb14c070
Event: 40.048 Thread 0x0000013edb14c070 Thread exited: 0x0000013edb14c070
Event: 40.142 Thread 0x0000013ed4f3ead0 Thread added: 0x0000013ed9ac0610
Event: 40.364 Thread 0x0000013edae9b860 Thread exited: 0x0000013edae9b860
Event: 40.437 Thread 0x0000013ed4bd9490 Thread added: 0x0000013edb14c500
Event: 40.611 Thread 0x0000013ed9ac0610 Thread exited: 0x0000013ed9ac0610
Event: 40.836 Thread 0x0000013edb14c500 Thread exited: 0x0000013edb14c500
Event: 40.951 Thread 0x0000013ed4bd9490 Thread added: 0x0000013edba6db00
Event: 41.222 Thread 0x0000013edba6db00 Thread exited: 0x0000013edba6db00


Dynamic libraries:
0x00007ff6c8650000 - 0x00007ff6c865e000 	c:\Users\andre\.vscode\extensions\redhat.java-1.54.0-win32-x64\jre\21.0.10-win32-x86_64\bin\java.exe
0x00007ffce7800000 - 0x00007ffce7a67000 	C:\WINDOWS\SYSTEM32\ntdll.dll
0x00007ffce5b60000 - 0x00007ffce5c29000 	C:\WINDOWS\System32\KERNEL32.DLL
0x00007ffce5190000 - 0x00007ffce5584000 	C:\WINDOWS\System32\KERNELBASE.dll
0x00007ffce4c20000 - 0x00007ffce4d6b000 	C:\WINDOWS\System32\ucrtbase.dll
0x00007ffcbffe0000 - 0x00007ffcbfff8000 	c:\Users\andre\.vscode\extensions\redhat.java-1.54.0-win32-x64\jre\21.0.10-win32-x86_64\bin\jli.dll
0x00007ffcbf4c0000 - 0x00007ffcbf4de000 	c:\Users\andre\.vscode\extensions\redhat.java-1.54.0-win32-x64\jre\21.0.10-win32-x86_64\bin\VCRUNTIME140.dll
0x00007ffce6250000 - 0x00007ffce6415000 	C:\WINDOWS\System32\USER32.dll
0x00007ffce50d0000 - 0x00007ffce50f7000 	C:\WINDOWS\System32\win32u.dll
0x00007ffce5b20000 - 0x00007ffce5b4b000 	C:\WINDOWS\System32\GDI32.dll
0x00007ffce4d70000 - 0x00007ffce4e9b000 	C:\WINDOWS\System32\gdi32full.dll
0x00007ffcd0440000 - 0x00007ffcd06d3000 	C:\WINDOWS\WinSxS\amd64_microsoft.windows.common-controls_6595b64144ccf1df_6.0.26100.8115_none_3e075c82e3354f9c\COMCTL32.dll
0x00007ffce5020000 - 0x00007ffce50c3000 	C:\WINDOWS\System32\msvcp_win.dll
0x00007ffce6cd0000 - 0x00007ffce6d79000 	C:\WINDOWS\System32\msvcrt.dll
0x00007ffce74a0000 - 0x00007ffce74d2000 	C:\WINDOWS\System32\IMM32.DLL
0x00007ffcdf080000 - 0x00007ffcdf08c000 	c:\Users\andre\.vscode\extensions\redhat.java-1.54.0-win32-x64\jre\21.0.10-win32-x86_64\bin\vcruntime140_1.dll
0x00007ffc8e7e0000 - 0x00007ffc8e86d000 	c:\Users\andre\.vscode\extensions\redhat.java-1.54.0-win32-x64\jre\21.0.10-win32-x86_64\bin\msvcp140.dll
0x00007ffc3bcd0000 - 0x00007ffc3ca71000 	c:\Users\andre\.vscode\extensions\redhat.java-1.54.0-win32-x64\jre\21.0.10-win32-x86_64\bin\server\jvm.dll
0x00007ffce5590000 - 0x00007ffce5646000 	C:\WINDOWS\System32\ADVAPI32.dll
0x00007ffce5a40000 - 0x00007ffce5ae7000 	C:\WINDOWS\System32\sechost.dll
0x00007ffce5f80000 - 0x00007ffce6098000 	C:\WINDOWS\System32\RPCRT4.dll
0x00007ffce5ef0000 - 0x00007ffce5f70000 	C:\WINDOWS\System32\WS2_32.dll
0x00007ffce3f50000 - 0x00007ffce3fae000 	C:\WINDOWS\SYSTEM32\POWRPROF.dll
0x00007ffcdd320000 - 0x00007ffcdd32b000 	C:\WINDOWS\SYSTEM32\VERSION.dll
0x00007ffcd3540000 - 0x00007ffcd3576000 	C:\WINDOWS\SYSTEM32\WINMM.dll
0x00007ffce3f30000 - 0x00007ffce3f44000 	C:\WINDOWS\SYSTEM32\UMPDC.dll
0x00007ffce2e30000 - 0x00007ffce2e4b000 	C:\WINDOWS\SYSTEM32\kernel.appcore.dll
0x00007ffcd2910000 - 0x00007ffcd291a000 	c:\Users\andre\.vscode\extensions\redhat.java-1.54.0-win32-x64\jre\21.0.10-win32-x86_64\bin\jimage.dll
0x00007ffce1ff0000 - 0x00007ffce2232000 	C:\WINDOWS\SYSTEM32\DBGHELP.DLL
0x00007ffce5660000 - 0x00007ffce59e2000 	C:\WINDOWS\System32\combase.dll
0x00007ffce5cb0000 - 0x00007ffce5d88000 	C:\WINDOWS\System32\OLEAUT32.dll
0x00007ffcd48a0000 - 0x00007ffcd48db000 	C:\WINDOWS\SYSTEM32\dbgcore.DLL
0x00007ffce4940000 - 0x00007ffce49e5000 	C:\WINDOWS\System32\bcryptPrimitives.dll
0x00007ffccc4d0000 - 0x00007ffccc4df000 	c:\Users\andre\.vscode\extensions\redhat.java-1.54.0-win32-x64\jre\21.0.10-win32-x86_64\bin\instrument.dll
0x00007ffcb6980000 - 0x00007ffcb69a0000 	c:\Users\andre\.vscode\extensions\redhat.java-1.54.0-win32-x64\jre\21.0.10-win32-x86_64\bin\java.dll
0x00007ffce6560000 - 0x00007ffce6cc7000 	C:\WINDOWS\System32\SHELL32.dll
0x00007ffce49f0000 - 0x00007ffce4b5a000 	C:\WINDOWS\System32\wintypes.dll
0x00007ffce40d0000 - 0x00007ffce4938000 	C:\WINDOWS\System32\windows.storage.dll
0x00007ffce5d90000 - 0x00007ffce5e88000 	C:\WINDOWS\System32\SHCORE.dll
0x00007ffce7750000 - 0x00007ffce77b6000 	C:\WINDOWS\System32\shlwapi.dll
0x00007ffce3ff0000 - 0x00007ffce4019000 	C:\WINDOWS\SYSTEM32\profapi.dll
0x00007ffcaf730000 - 0x00007ffcaf748000 	c:\Users\andre\.vscode\extensions\redhat.java-1.54.0-win32-x64\jre\21.0.10-win32-x86_64\bin\zip.dll
0x00007ffccc450000 - 0x00007ffccc460000 	C:\Users\andre\.vscode\extensions\redhat.java-1.54.0-win32-x64\jre\21.0.10-win32-x86_64\bin\net.dll
0x00007ffcdaba0000 - 0x00007ffcdaccd000 	C:\WINDOWS\SYSTEM32\WINHTTP.dll
0x00007ffce3380000 - 0x00007ffce33ec000 	C:\WINDOWS\system32\mswsock.dll
0x00007ffcaf360000 - 0x00007ffcaf376000 	C:\Users\andre\.vscode\extensions\redhat.java-1.54.0-win32-x64\jre\21.0.10-win32-x86_64\bin\nio.dll
0x00007ffccc3d0000 - 0x00007ffccc3e0000 	c:\Users\andre\.vscode\extensions\redhat.java-1.54.0-win32-x64\jre\21.0.10-win32-x86_64\bin\verify.dll
0x00007ffcb04a0000 - 0x00007ffcb04e5000 	C:\Users\andre\AppData\Roaming\Code\User\globalStorage\redhat.java\1.54.0\config_ss_win\org.eclipse.equinox.launcher\org.eclipse.equinox.launcher.win32.win32.x86_64_1.3.0.v20260203-2149\eclipse_11919.dll
0x00007ffce60b0000 - 0x00007ffce6247000 	C:\WINDOWS\System32\ole32.dll
0x00007ffce36b0000 - 0x00007ffce36cb000 	C:\WINDOWS\SYSTEM32\CRYPTSP.dll
0x00007ffce2d80000 - 0x00007ffce2db9000 	C:\WINDOWS\system32\rsaenh.dll
0x00007ffce3440000 - 0x00007ffce3473000 	C:\WINDOWS\SYSTEM32\USERENV.dll
0x00007ffce3fc0000 - 0x00007ffce3fea000 	C:\WINDOWS\SYSTEM32\bcrypt.dll
0x00007ffce36d0000 - 0x00007ffce36dc000 	C:\WINDOWS\SYSTEM32\CRYPTBASE.dll
0x00007ffce2800000 - 0x00007ffce2832000 	C:\WINDOWS\SYSTEM32\IPHLPAPI.DLL
0x00007ffce5b50000 - 0x00007ffce5b5a000 	C:\WINDOWS\System32\NSI.dll
0x00007ffc9e310000 - 0x00007ffc9e359000 	C:\Users\andre\AppData\Local\Temp\jna-92958282\jna13473677415584104272.dll
0x00007ffce60a0000 - 0x00007ffce60a8000 	C:\WINDOWS\System32\PSAPI.DLL
0x00007ffcdd330000 - 0x00007ffcdd34d000 	C:\WINDOWS\SYSTEM32\dhcpcsvc6.DLL
0x00007ffcdadc0000 - 0x00007ffcdade5000 	C:\WINDOWS\SYSTEM32\dhcpcsvc.DLL

JVMTI agents:
c:\Users\andre\.vscode\extensions\redhat.java-1.54.0-win32-x64\lombok\lombok-1.18.39-4050.jar path:c:\Users\andre\.vscode\extensions\redhat.java-1.54.0-win32-x64\jre\21.0.10-win32-x86_64\bin\instrument.dll, loaded, initialized, instrumentlib options:none

dbghelp: loaded successfully - version: 4.0.5 - missing functions: none
symbol engine: initialized successfully - sym options: 0x614 - pdb path: .;c:\Users\andre\.vscode\extensions\redhat.java-1.54.0-win32-x64\jre\21.0.10-win32-x86_64\bin;C:\WINDOWS\SYSTEM32;C:\WINDOWS\WinSxS\amd64_microsoft.windows.common-controls_6595b64144ccf1df_6.0.26100.8115_none_3e075c82e3354f9c;c:\Users\andre\.vscode\extensions\redhat.java-1.54.0-win32-x64\jre\21.0.10-win32-x86_64\bin\server;C:\Users\andre\AppData\Roaming\Code\User\globalStorage\redhat.java\1.54.0\config_ss_win\org.eclipse.equinox.launcher\org.eclipse.equinox.launcher.win32.win32.x86_64_1.3.0.v20260203-2149;C:\Users\andre\AppData\Local\Temp\jna-92958282

VM Arguments:
jvm_args: --add-modules=ALL-SYSTEM --add-opens=java.base/java.util=ALL-UNNAMED --add-opens=java.base/java.lang=ALL-UNNAMED --add-opens=java.base/sun.nio.fs=ALL-UNNAMED -Declipse.application=org.eclipse.jdt.ls.core.id1 -Dosgi.bundles.defaultStartLevel=4 -Declipse.product=org.eclipse.jdt.ls.core.product -Djava.import.generatesMetadataFilesAtProjectRoot=false -DDetectVMInstallationsJob.disabled=true -Dfile.encoding=utf8 -XX:+UseParallelGC -XX:GCTimeRatio=4 -XX:AdaptiveSizePolicyWeight=90 -Dsun.zip.disableMemoryMapping=true -Xmx2G -Xms100m -Xlog:disable -javaagent:c:\Users\andre\.vscode\extensions\redhat.java-1.54.0-win32-x64\lombok\lombok-1.18.39-4050.jar 
java_command: c:\Users\andre\.vscode\extensions\redhat.java-1.54.0-win32-x64\server\plugins\org.eclipse.equinox.launcher_1.7.100.v20251111-0406.jar -configuration c:\Users\andre\AppData\Roaming\Code\User\globalStorage\redhat.java\1.54.0\config_ss_win -data c:\Users\andre\AppData\Roaming\Code\User\workspaceStorage\4c53d6c1d38b1c63fe5da6ce7cfe8a73\redhat.java\ss_ws --pipe=\\.\pipe\lsp-97859f26e8050d33d0667cafbbe22889-sock
java_class_path (initial): c:\Users\andre\.vscode\extensions\redhat.java-1.54.0-win32-x64\server\plugins\org.eclipse.equinox.launcher_1.7.100.v20251111-0406.jar
Launcher Type: SUN_STANDARD

[Global flags]
    uintx AdaptiveSizePolicyWeight                 = 90                                        {product} {command line}
     intx CICompilerCount                          = 4                                         {product} {ergonomic}
    uintx GCTimeRatio                              = 4                                         {product} {command line}
   size_t InitialHeapSize                          = 104857600                                 {product} {command line}
   size_t MaxHeapSize                              = 2147483648                                {product} {command line}
   size_t MaxNewSize                               = 715653120                                 {product} {ergonomic}
   size_t MinHeapDeltaBytes                        = 524288                                    {product} {ergonomic}
   size_t MinHeapSize                              = 104857600                                 {product} {command line}
   size_t NewSize                                  = 34603008                                  {product} {ergonomic}
    uintx NonNMethodCodeHeapSize                   = 5839372                                {pd product} {ergonomic}
    uintx NonProfiledCodeHeapSize                  = 122909434                              {pd product} {ergonomic}
   size_t OldSize                                  = 70254592                                  {product} {ergonomic}
    uintx ProfiledCodeHeapSize                     = 122909434                              {pd product} {ergonomic}
    uintx ReservedCodeCacheSize                    = 251658240                              {pd product} {ergonomic}
     bool SegmentedCodeCache                       = true                                      {product} {ergonomic}
   size_t SoftMaxHeapSize                          = 2147483648                             {manageable} {ergonomic}
     bool UseCompressedOops                        = true                           {product lp64_product} {ergonomic}
     bool UseLargePagesIndividualAllocation        = false                                  {pd product} {ergonomic}
     bool UseParallelGC                            = true                                      {product} {command line}

Logging:
Log output configuration:
 #0: stdout all=off uptime,level,tags foldmultilines=false
 #1: stderr all=off uptime,level,tags foldmultilines=false

Release file:
JAVA_VERSION="21.0.10" 
MODULES="java.base java.compiler java.datatransfer java.xml java.prefs java.desktop java.instrument java.logging java.management java.security.sasl java.naming java.rmi java.management.rmi java.net.http java.scripting java.security.jgss java.transaction.xa java.sql java.sql.rowset java.xml.crypto java.se java.smartcardio jdk.accessibility jdk.internal.jvmstat jdk.attach jdk.charsets jdk.internal.opt jdk.zipfs jdk.compiler jdk.crypto.ec jdk.crypto.cryptoki jdk.crypto.mscapi jdk.dynalink jdk.internal.ed jdk.editpad jdk.hotspot.agent jdk.httpserver jdk.internal.le jdk.internal.vm.ci jdk.internal.vm.compiler jdk.internal.vm.compiler.management jdk.jartool jdk.javadoc jdk.jcmd jdk.management jdk.management.agent jdk.jconsole jdk.jdeps jdk.jdwp.agent jdk.jdi jdk.jfr jdk.jshell jdk.jsobject jdk.jstatd jdk.localedata jdk.management.jfr jdk.naming.dns jdk.naming.rmi jdk.net jdk.nio.mapmode jdk.random jdk.sctp jdk.security.auth jdk.security.jgss jdk.unsupported jdk.unsupported.desktop jdk.xml.dom" 

Environment Variables:
PATH=C:\Users\andre\AppData\Local\Programs\Microsoft VS Code;C:\Program Files\Common Files\Oracle\Java\javapath;C:\Program Files (x86)\Common Files\Oracle\Java\java8path;C:\Program Files (x86)\Common Files\Oracle\Java\javapath;C:\WINDOWS\system32;C:\WINDOWS;C:\WINDOWS\System32\Wbem;C:\WINDOWS\System32\WindowsPowerShell\v1.0\;C:\WINDOWS\System32\OpenSSH\;C:\Program Files\dotnet\;C:\WINDOWS\system32;C:\WINDOWS;C:\WINDOWS\System32\Wbem;C:\WINDOWS\System32\WindowsPowerShell\v1.0\;C:\WINDOWS\System32\OpenSSH\;C:\ProgramData\chocolatey\bin;C:\Program Files\php-8.2.29-nts-Win32-vs16-x64;C:\Program Files\Docker\Docker\resources\bin;C:\ProgramData\ComposerSetup\bin;C:\Program Files\nodejs\;D:\Git\cmd;C:\dev\flutter_windows_3.38.4-stable\flutter\bin;C:\Program Files\MongoDB\Server\8.2\bin;C:\Users\andre\AppData\Local\Programs\Python\Python310;C:\Program Files\Amazon\AWSCLIV2\;C:\Program Files\k6\;C:\Users\andre\Downloads\apache-maven-3.9.12-bin\apache-maven-3.9.12\bin;D:\MongoDB\bin;C:\Users\andre\AppData\Local\Programs\Microsoft VS Code\bin;C:\Users\andre\AppData\Roaming\Composer\vendor\bin;C:\Users\andre\AppData\Roaming\npm;C:\dev\flutter_windows_3.38.4-stable\flutter\bin;C:\Users\andre\AppData\Local\Android\Sdk\platform-tools;C:\Users\andre\.dotnet\tools;C:\Users\andre\AppData\Local\Programs\Python\Python310;C:\Users\andre\AppData\Local\Programs\Python\Python310\Scripts;C:\Users\andre\AppData\Local\Microsoft\WindowsApps
USERNAME=andre
OS=Windows_NT
PROCESSOR_IDENTIFIER=Intel64 Family 6 Model 126 Stepping 5, GenuineIntel
TMP=C:\Users\andre\AppData\Local\Temp
TEMP=C:\Users\andre\AppData\Local\Temp




Periodic native trim disabled

---------------  S Y S T E M  ---------------

OS:
 Windows 11 , 64 bit Build 26100 (10.0.26100.8246)
OS uptime: 0 days 3:12 hours
Hyper-V role detected

CPU: total 8 (initial active 8) (4 cores per cpu, 2 threads per core) family 6 model 126 stepping 5 microcode 0xa8, cx8, cmov, fxsr, ht, mmx, 3dnowpref, sse, sse2, sse3, ssse3, sse4.1, sse4.2, popcnt, lzcnt, tsc, tscinvbit, avx, avx2, aes, erms, clmul, bmi1, bmi2, adx, avx512f, avx512dq, avx512cd, avx512bw, avx512vl, sha, fma, vzeroupper, avx512_vpopcntdq, avx512_vpclmulqdq, avx512_vaes, avx512_vnni, clflush, clflushopt, avx512_vbmi2, avx512_vbmi, hv, rdtscp, rdpid, fsrm, gfni, avx512_bitalg, f16c, avx512_ifma
Processor Information for the first 8 processors :
  Max Mhz: 1190, Current Mhz: 991, Mhz Limit: 987

Memory: 4k page, system-wide physical 7934M (917M free)
TotalPageFile size 18529M (AvailPageFile size 8M)
current process WorkingSet (physical memory assigned to process): 128M, peak: 152M
current process commit charge ("private bytes"): 270M, peak: 296M

vm_info: OpenJDK 64-Bit Server VM (21.0.10+7-LTS) for windows-amd64 JRE (21.0.10+7-LTS), built on 2026-01-20T00:00:00Z by "admin" with MS VC++ 17.12 (VS2022)

END.
